Starting a Gradle Daemon, 2 busy and 1 incompatible and 1 stopped Daemons could not be reused, use --status for details
> Task :app:preBuild UP-TO-DATE
> Task :app:preDebugBuild UP-TO-DATE
> Task :app:mergeDebugNativeDebugMetadata NO-SOURCE
> Task :app:checkKotlinGradlePluginConfigurationErrors SKIPPED
> Task :app:checkDebugAarMetadata UP-TO-DATE
> Task :app:processDebugNavigationResources UP-TO-DATE
> Task :app:compileDebugNavigationResources UP-TO-DATE
> Task :app:generateDebugResValues UP-TO-DATE
> Task :app:processDebugGoogleServices UP-TO-DATE
> Task :app:mapDebugSourceSetPaths UP-TO-DATE
> Task :app:generateDebugResources UP-TO-DATE
> Task :app:mergeDebugResources UP-TO-DATE
> Task :app:packageDebugResources UP-TO-DATE
> Task :app:parseDebugLocalResources UP-TO-DATE
> Task :app:createDebugCompatibleScreenManifests UP-TO-DATE
> Task :app:extractDeepLinksDebug UP-TO-DATE
> Task :app:processDebugMainManifest UP-TO-DATE
> Task :app:processDebugManifest UP-TO-DATE
> Task :app:processDebugManifestForPackage UP-TO-DATE
> Task :app:processDebugResources UP-TO-DATE
> Task :app:javaPreCompileDebug UP-TO-DATE
> Task :app:mergeDebugShaders UP-TO-DATE
> Task :app:compileDebugShaders NO-SOURCE
> Task :app:generateDebugAssets UP-TO-DATE
> Task :app:mergeDebugAssets UP-TO-DATE
> Task :app:compressDebugAssets UP-TO-DATE
> Task :app:checkDebugDuplicateClasses UP-TO-DATE
> Task :app:desugarDebugFileDependencies UP-TO-DATE
> Task :app:mergeExtDexDebug UP-TO-DATE
> Task :app:mergeLibDexDebug UP-TO-DATE
> Task :app:mergeDebugJniLibFolders UP-TO-DATE
> Task :app:mergeDebugNativeLibs UP-TO-DATE
> Task :app:stripDebugDebugSymbols UP-TO-DATE
> Task :app:validateSigningDebug UP-TO-DATE
> Task :app:writeDebugAppMetadata UP-TO-DATE
> Task :app:writeDebugSigningConfigVersions UP-TO-DATE
> Task :app:kspDebugKotlin
> Task :app:compileDebugKotlin

> Task :app:compileDebugKotlin FAILED
./gradlew : e: file:///E:/
adr_hoc/SecureChat/app/src
/main/java/com/example/sec
urechat/presentation/chat/
VideoCallScreen.kt:121:23 
Unresolved reference 
'RoundedCornerShape'.
At line:1 char:1
+ ./gradlew assembleDebug 
> build_output.txt 2>&1
+ ~~~~~~~~~~~~~~~~~~~~~~~~
~~~~~~~~~~~~~~~~~~~~~~~
    + CategoryInfo        
      : NotSpecified:     
(e: file:///E:/a...e    
dCornerShape'.:Strin    
g) [], RemoteExcepti    on
    + FullyQualifiedErro  
  rId : NativeCommandE    
rror
 
e: file:///E:/adr_hoc/Secu
reChat/app/src/main/java/c
om/example/securechat/pres
entation/home/HomeScreen.k
t:262:13 Unresolved 
reference 'AsyncImage'.

FAILURE: Build failed 
with an exception.

* What went wrong:
Execution failed for task 
':app:compileDebugKotlin'.
> A failure occurred 
while executing org.jetbra
ins.kotlin.compilerRunner.
GradleCompilerRunnerWithWo
rkers$GradleKotlinCompiler
WorkAction
   > Compilation error. 
See log for more details

* Try:
> Run with --stacktrace 
option to get the stack 
trace.
> Run with --info or 
--debug option to get 
more log output.
> Run with --scan to get 
full insights.
> Get more help at 
https://help.gradle.org.

BUILD FAILED in 4h 14m 35s
32 actionable tasks: 2 executed, 30 up-to-date
